---
source: src/main.rs
expression: output
snapshot_kind: text
---
"────────────────────────────────────────────────────────────────────────|heretek-v0.5.1|──────────────────────────────── | Heap | Stack | Code | String | Asm | "
" F1 Main | F2 Registers | F3 Stack | F4 Instructions | F5 Output | F6 Mapping | F7 Hexdump                                                                      "
"Registers──────────────────────────────────────────────────────────────────────────────────────────────────────────────────────────────────────────────────────▲"
"  rax     → 0xdeadbeef                                                                                                                                         █"
"  rbx     → 0x1                                                                                                                                                ║"
"  rcx     → 0x111                                                                                                                                              ║"
"  rdx     → 0x7fffffffb238     → 0x7fffffffb5dd     → <string>                                                                                                 ║"
"  rsi     → 0x7fffffffb228     → 0x7fffffffb594     → <string>                                                                                                 ║"
"  rdi     → 0x1                                                                                                                                                ║"
"  rbp     → 0x7fffffffb100     → 0x7fffffffb110     → 0x7fffffffb1b0     → 0x7fffffffb200     → 0x00                                                           ║"
"  rsp     → 0x7fffffffb100     → 0x7fffffffb110     → 0x7fffffffb1b0     → 0x7fffffffb200     → 0x00                                                           ║"
"  r8      → 0x4a71c0           → main_arena+0 (add    BYTE PTR [rax],al)                                                                                       ▼"
"Stack───────────────────────────────────────────────────────────────────────────────────────────────────────────────────────────────────────────────────────────"
"  0x7fffffffb100 → 0x7fffffffb110     → 0x7fffffffb1b0     → 0x7fffffffb200     → 0x00                                                                          "
"  0x7fffffffb108 → 0x402e6c           → main+9 (mov    eax,0x0)                                                                                                 "
"  0x7fffffffb110 → 0x7fffffffb1b0     → 0x7fffffffb200     → 0x00                                                                                               "
"  0x7fffffffb118 → 0x4033f5           → __libc_start_call_main+101 (mov    edi,eax)                                                                             "
"  0x7fffffffb120 → 0x4a8ae0           → (bad)                                                                                                                   "
"Instructions (child)────────────────────────────────────────────────────────────────────────────────────────────────────────────────────────────────────────────"
"  0x402e46         child+01   mov    rbp,rsp                                                                                                                    "
"  0x402e49         child+04   mov    eax,0xdeadbeef                                                                                                             "
"  0x402e4e         child+09   mov    QWORD PTR [rbp-0x8],rax                                                                                                    "
"  0x402e52         child+0d   mov    rax,QWORD PTR [rbp-0x8]                                                                                                    "
">>0x402e56         child+11   mov    DWORD PTR [rax],0x2a                                                                                                       "
"Backtrace───────────────────────────────────────────────────────────────────────────────────────────────────────────────────────────────────────────────────────"
"  00402e56 → child                                                                                                                                              "
"  00402e6c → main                                                                                                                                               "
"┌Output ───────────────────────────────────────────────────────────────────────────────────────────────────────────────────────────────────────────────────────┐"
"│h> -gdb-set mi-async on                                                                                                                                       │"
"│run                                                                                                                                                           │"
"│file test-assets/segfault/segfault                                                                                                                            │"
"│Reading symbols from test-assets/segfault/segfault...                                                                                                         │"
"│(No debugging symbols found in test-assets/segfault/segfault)                                                                                                 │"
"│Program                                                                                                                                                       │"
"│ received signal SIGSEGV, Segmentation fault.                                                                                                                 │"
"│0x0000000000402e56 in child ()                                                                                                                                │"
"└──────────────────────────────────────────────────────────────────────────────────────────────────────────────────────────────────────────────────────────────┘"
"┌|Press q to exit, i to enter input|─|Status: signal-name=SIGSEGV, signal-meaning=Segmentation fault, reason=signal-received, stopped-threads=all, thread-id=1|┐"
"│(gdb)                                                                                                                                                         │"
"└──────────────────────────────────────────────────────────────────────────────────────────────────────────────────────────────────────────────────────────────┘"
