---
source: src/main.rs
expression: output
snapshot_kind: text
---
"─────────────────────────────────────────────────────────────────────|heretek-v0.1.0-rc12|──────────────────────────────────────────────────────────────────────"
"       Press q to exit, i to enter input | F1 main | F2 registers | F3 stack | F4 instructions | F5 output | F6 mapping | F7 hexdump | Heap | Stack | Code      "
"Registers───────────────────────────────────────────────────────────────────────────────────────────────────────────────────────────────────────────────────────"
"  rax     ➛ 0x401825           ➛ main                                                                                                                           "
"  rbx     ➛ 0x1                                                                                                                                                 "
"  rcx     ➛ <rcx_0>           ➛ 0x04                                                                                                                           "
"  rdx     ➛ <rdx_0>     ➛ <rdx_1>     ➛ "<rdx_2>"                                                                                                "
"  rsi     ➛ <rsi_0>     ➛ <rsi_1>     ➛ "<rsi_2>"                                                                                                "
"  rdi     ➛ 0x1                                                                                                                                                 "
"  rbp     ➛ <rbp_0>     ➛ <rbp_1>     ➛ <rbp_2>     ➛ 0x00                                                                                 "
"Stack───────────────────────────────────────────────────────────────────────────────────────────────────────────────────────────────────────────────────────────"
"  <stack_0> ➛ <stack_6>     ➛ <stack_6_0>        ➛ <stack_6_1>        ➛ <rbp_1>     ➛ <rbp_2>     ➛ 0x00                                "
"  <stack_1> ➛ 0x40f022           ➛ malloc                                                                                                                  "
"  <stack_2> ➛ 0x494b00           ➛ sbb    $0x0,%al                                                                                                         "
"  <stack_3> ➛ 0x4a40e8           ➛ DW.ref.__gcc_personality_v0                                                                                             "
"  <stack_4> ➛ 0x00                                                                                                                                         "
"  <stack_5> ➛ 0x4ab198           ➛ 0x00                                                                                                                    "
"  <stack_6> ➛ <stack_6_0>        ➛ <stack_6_1>        ➛ <rbp_1>     ➛ <rbp_2>     ➛ 0x00                                                     "
"  <stack_7> ➛ 0x01                                                                                                                                         "
"Instructions (main)─────────────────────────────────────────────────────────────────────────────────────────────────────────────────────────────────────────────"
"  0x401823         this+1e   pop    %rbp                                                                                                                        "
"  0x401824         this+1f   ret                                                                                                                                "
"  0x401825         main+00   push   %rbp                                                                                                                        "
"  0x401826         main+01   mov    %rsp,%rbp                                                                                                                   "
"  0x401829         main+04   sub    $0x40,%rsp                                                                                                                  "
">>0x40182d         main+08   movq   $0x11111111,-0x8(%rbp)                                                                                                      "
"  0x401835         main+10   movq   $0x22222222,-0x10(%rbp)                                                                                                     "
"┌Output ───────────────────────────────────────────────────────────────────────────────────────────────────────────────────────────────────────────────────────┐"
"│source test-sources/test.source                                                                                                                               │"
"│Breakpoint 1 at 0x40182d: file test.c, line 11.                                                                                                               │"
"│Breakpoint 1, main () at test.c:11                                                                                                                            │"
"│warning: 11    test.c: No such file or directory                                                                                                              │"
"│                                                                                                                                                              │"
"│                                                                                                                                                              │"
"│                                                                                                                                                              │"
"│                                                                                                                                                              │"
"└──────────────────────────────────────────────────────────────────────────────────────────────────────────────────────────────────────────────────────────────┘"
"┌Input─Status(bkptno=1, reason=breakpoint-hit, stopped-threads=all, thread-id=1)───────────────────────────────────────────────────────────────────────────────┐"
"│(gdb)                                                                                                                                                         │"
"└──────────────────────────────────────────────────────────────────────────────────────────────────────────────────────────────────────────────────────────────┘"
